Compile CLI failed with return code 1
Failed to execute portfolio compilation: Failed to execute compile: Compile CLI failed with return code 1
Stderr: /usr/bin/python3: No module named scripts.run_phase3c_compile

Traceback (most recent call last):
  File "/home/fishbro/FishBroWFS_V2/src/control/supervisor/handlers/run_compile.py", line 242, in _execute_compile
    raise RuntimeError(f"{error_msg}\nStderr: {stderr_content}")
RuntimeError: Compile CLI failed with return code 1
Stderr: /usr/bin/python3: No module named scripts.run_phase3c_compile


During handling of the above exception, another exception occurred:

Traceback (most recent call last):
  File "/home/fishbro/FishBroWFS_V2/src/control/supervisor/handlers/run_compile.py", line 120, in execute
    result = self._execute_compile(payload, context, manifest_path, compile_dir)
             ^^^^^^^^^^^^^^^^^^^^^^^^^^^^^^^^^^^^^^^^^^^^^^^^^^^^^^^^^^^^^^^^^^^
  File "/home/fishbro/FishBroWFS_V2/src/control/supervisor/handlers/run_compile.py", line 247, in _execute_compile
    raise RuntimeError(f"Failed to execute compile: {e}")
RuntimeError: Failed to execute compile: Compile CLI failed with return code 1
Stderr: /usr/bin/python3: No module named scripts.run_phase3c_compile


