Research CLI failed with return code 1
Failed to execute research: Failed to execute research: Research CLI failed with return code 1
Stderr: Traceback (most recent call last):
  File "<frozen runpy>", line 198, in _run_module_as_main
  File "<frozen runpy>", line 88, in _run_code
  File "/home/fishbro/FishBroWFS_V2/scripts/generate_research.py", line 17, in <module>
    from research.registry import build_research_index
ModuleNotFoundError: No module named 'research.registry'

Traceback (most recent call last):
  File "/home/fishbro/FishBroWFS_V2/src/control/supervisor/handlers/run_research.py", line 168, in _execute_research
    raise RuntimeError(f"{error_msg}\nStderr: {stderr_content}")
RuntimeError: Research CLI failed with return code 1
Stderr: Traceback (most recent call last):
  File "<frozen runpy>", line 198, in _run_module_as_main
  File "<frozen runpy>", line 88, in _run_code
  File "/home/fishbro/FishBroWFS_V2/scripts/generate_research.py", line 17, in <module>
    from research.registry import build_research_index
ModuleNotFoundError: No module named 'research.registry'


During handling of the above exception, another exception occurred:

Traceback (most recent call last):
  File "/home/fishbro/FishBroWFS_V2/src/control/supervisor/handlers/run_research.py", line 85, in execute
    result = self._execute_research(payload, context, run_dir)
             ^^^^^^^^^^^^^^^^^^^^^^^^^^^^^^^^^^^^^^^^^^^^^^^^^
  File "/home/fishbro/FishBroWFS_V2/src/control/supervisor/handlers/run_research.py", line 173, in _execute_research
    raise RuntimeError(f"Failed to execute research: {e}")
RuntimeError: Failed to execute research: Research CLI failed with return code 1
Stderr: Traceback (most recent call last):
  File "<frozen runpy>", line 198, in _run_module_as_main
  File "<frozen runpy>", line 88, in _run_code
  File "/home/fishbro/FishBroWFS_V2/scripts/generate_research.py", line 17, in <module>
    from research.registry import build_research_index
ModuleNotFoundError: No module named 'research.registry'


